src/components/dashboard/sections/AccountantChatTab.tsx(3,3): error TS6133: 'Accordion' is declared but its value is never read.
src/components/dashboard/sections/AccountantChatTab.tsx(3,14): error TS6133: 'AccordionDetails' is declared but its value is never read.
src/components/dashboard/sections/AccountantChatTab.tsx(3,32): error TS6133: 'AccordionSummary' is declared but its value is never read.
src/components/dashboard/sections/AccountantChatTab.tsx(6,1): error TS6133: 'ExpandMoreRoundedIcon' is declared but its value is never read.
src/components/dashboard/sections/AdminChatView.tsx(12,50): error TS6133: 'stopChatConnection' is declared but its value is never read.
src/components/dashboard/sections/CarsView.tsx(114,14): error TS2769: No overload matches this call.
  Overload 1 of 2, '(props: { component: ElementType<any, keyof IntrinsicElements>; } & GridBaseProps & { sx?: SxProps<Theme> | undefined; } & Omit<...>): Element | null', gave the following error.
    Property 'component' is missing in type '{ children: Element; xs: number; md: number; key: number; }' but required in type '{ component: ElementType<any, keyof IntrinsicElements>; }'.
  Overload 2 of 2, '(props: DefaultComponentProps<GridTypeMap<{}, "div">>): Element | null', gave the following error.
    Type '{ children: Element; xs: number; md: number; key: number; }' is not assignable to type 'IntrinsicAttributes & GridBaseProps & { sx?: SxProps<Theme> | undefined; } & Omit<DetailedHTMLProps<HTMLAttributes<HTMLDivElement>, HTMLDivElement>, "sx" | keyof GridBaseProps>'.
      Property 'xs' does not exist on type 'IntrinsicAttributes & GridBaseProps & { sx?: SxProps<Theme> | undefined; } & Omit<DetailedHTMLProps<HTMLAttributes<HTMLDivElement>, HTMLDivElement>, "sx" | keyof GridBaseProps>'.
src/components/dashboard/sections/CarsView.tsx(166,14): error TS2769: No overload matches this call.
  Overload 1 of 2, '(props: { component: ElementType<any, keyof IntrinsicElements>; } & GridBaseProps & { sx?: SxProps<Theme> | undefined; } & Omit<...>): Element | null', gave the following error.
    Property 'component' is missing in type '{ children: Element; xs: number; sm: number; lg: number; key: string; }' but required in type '{ component: ElementType<any, keyof IntrinsicElements>; }'.
  Overload 2 of 2, '(props: DefaultComponentProps<GridTypeMap<{}, "div">>): Element | null', gave the following error.
    Type '{ children: Element; xs: number; sm: number; lg: number; key: string; }' is not assignable to type 'IntrinsicAttributes & GridBaseProps & { sx?: SxProps<Theme> | undefined; } & Omit<DetailedHTMLProps<HTMLAttributes<HTMLDivElement>, HTMLDivElement>, "sx" | keyof GridBaseProps>'.
      Property 'xs' does not exist on type 'IntrinsicAttributes & GridBaseProps & { sx?: SxProps<Theme> | undefined; } & Omit<DetailedHTMLProps<HTMLAttributes<HTMLDivElement>, HTMLDivElement>, "sx" | keyof GridBaseProps>'.
src/components/dashboard/sections/SupportChatTab.tsx(18,10): error TS6133: 'supportName' is declared but its value is never read.
src/pages/AdminDashboard.tsx(338,12): error TS2769: No overload matches this call.
  Overload 1 of 2, '(props: { component: ElementType<any, keyof IntrinsicElements>; } & StackOwnProps & CommonProps & Omit<any, keyof CommonProps | keyof StackOwnProps>): Element | null', gave the following error.
    Property 'component' is missing in type '{ children: Element[]; direction: "row"; spacing: number; flexWrap: string; }' but required in type '{ component: ElementType<any, keyof IntrinsicElements>; }'.
  Overload 2 of 2, '(props: DefaultComponentProps<StackTypeMap<{}, "div">>): Element | null', gave the following error.
    Type '{ children: Element[]; direction: "row"; spacing: number; flexWrap: string; }' is not assignable to type 'IntrinsicAttributes & StackOwnProps & CommonProps & Omit<DetailedHTMLProps<HTMLAttributes<HTMLDivElement>, HTMLDivElement>, keyof CommonProps | keyof StackOwnProps>'.
      Property 'flexWrap' does not exist on type 'IntrinsicAttributes & StackOwnProps & CommonProps & Omit<DetailedHTMLProps<HTMLAttributes<HTMLDivElement>, HTMLDivElement>, keyof CommonProps | keyof StackOwnProps>'.
src/pages/AdminDashboard.tsx(423,26): error TS2769: No overload matches this call.
  Overload 1 of 2, '(props: { component: ElementType<any, keyof IntrinsicElements>; } & StackOwnProps & CommonProps & Omit<any, keyof CommonProps | keyof StackOwnProps>): Element | null', gave the following error.
    Property 'component' is missing in type '{ children: Element[]; direction: "row"; spacing: number; alignItems: string; }' but required in type '{ component: ElementType<any, keyof IntrinsicElements>; }'.
  Overload 2 of 2, '(props: DefaultComponentProps<StackTypeMap<{}, "div">>): Element | null', gave the following error.
    Type '{ children: Element[]; direction: "row"; spacing: number; alignItems: string; }' is not assignable to type 'IntrinsicAttributes & StackOwnProps & CommonProps & Omit<DetailedHTMLProps<HTMLAttributes<HTMLDivElement>, HTMLDivElement>, keyof CommonProps | keyof StackOwnProps>'.
      Property 'alignItems' does not exist on type 'IntrinsicAttributes & StackOwnProps & CommonProps & Omit<DetailedHTMLProps<HTMLAttributes<HTMLDivElement>, HTMLDivElement>, keyof CommonProps | keyof StackOwnProps>'.
src/pages/AdminDashboard.tsx(449,26): error TS2769: No overload matches this call.
  Overload 1 of 2, '(props: { component: ElementType<any, keyof IntrinsicElements>; } & StackOwnProps & CommonProps & Omit<any, keyof CommonProps | keyof StackOwnProps>): Element | null', gave the following error.
    Property 'component' is missing in type '{ children: (false | Element)[]; direction: "row"; spacing: number; justifyContent: string; }' but required in type '{ component: ElementType<any, keyof IntrinsicElements>; }'.
  Overload 2 of 2, '(props: DefaultComponentProps<StackTypeMap<{}, "div">>): Element | null', gave the following error.
    Type '{ children: (false | Element)[]; direction: "row"; spacing: number; justifyContent: string; }' is not assignable to type 'IntrinsicAttributes & StackOwnProps & CommonProps & Omit<DetailedHTMLProps<HTMLAttributes<HTMLDivElement>, HTMLDivElement>, keyof CommonProps | keyof StackOwnProps>'.
      Property 'justifyContent' does not exist on type 'IntrinsicAttributes & StackOwnProps & CommonProps & Omit<DetailedHTMLProps<HTMLAttributes<HTMLDivElement>, HTMLDivElement>, keyof CommonProps | keyof StackOwnProps>'.
src/pages/ContabilDashboard.tsx(31,1): error TS6133: 'SendRoundedIcon' is declared but its value is never read.
